kibana-cli — search logs in Elasticsearch via Kibana console proxy

Usage:
  kibana-cli [options]
  kibana-cli --list-indices
  kibana-cli --help

Options:
  --since <dur>         time window start as duration (default: 1h; examples: 30m, 2h, 1d)
  --to <dur>            time window end as duration (default: now)
  --at <ts>             time window start as absolute ISO8601 (overrides --since)
  --until <ts>          time window end as absolute ISO8601 (overrides --to)
  --namespace <name>    kubernetes_namespace_name (default: $KIBANACLI_DEFAULT_NAMESPACE)
  --service <name>      kubernetes_container_name (api, worker, mqtt-consumer, ...)
  --level <lvl>         log level (info|warning|error|...)
  --query <text>        simple_query_string against event, log, message;
                        words are AND-ed, syntax: "quoted phrase", | (OR),
                        - (NOT), * (prefix); unknown syntax is ignored, not an error
  --phrase <text>       exact phrase (match_phrase) against event, log, message
  --filter <k>=<v>      term filter on arbitrary field (repeatable)
  --exclude <k>=<v>     must_not term on arbitrary field (repeatable)
  --filter-phrase <k>=<v>   match_phrase filter on arbitrary field (repeatable)
  --exclude-phrase <k>=<v>  must_not match_phrase on arbitrary field (repeatable)
  --gte <k>=<v>         range filter, k >= v on arbitrary field (repeatable)
  --lte <k>=<v>         range filter, k <= v on arbitrary field (repeatable)
  --body <file|->       use raw ES query body from file (or stdin); bypasses
                        all other filter flags
  --index <pattern>     ES index pattern (default: logstash-*)
  --limit <N>           max hits (default: 50)
  --max-len <N>         truncate output line to N chars (default: 1000; 0 = no truncate)
  -o short|full|json    output format (default: short)
  --list-indices        show indices
  --help                show this help

Env file — first match wins: $KIBANACLI_ENV, then .kibana-cli/env upwards
from cwd (per-project config), then ~/.config/kibana-cli/env:
  KIBANACLI_HOST (required)     e.g. https://logs.example.com
  KIBANACLI_AUTH                apikey (default) or cookie (SSO via kibana-cli-login)
  KIBANACLI_API_KEY             base64(id:api_key); required for apikey auth
  KIBANACLI_COOKIE_FILE         cookie file for cookie auth
                                (default: ~/.config/kibana-cli/cookies/<host>)
  KIBANACLI_DEFAULT_NAMESPACE   default --namespace value
  KIBANACLI_MESSAGE_FIELDS      fields searched by --query/--phrase and used as
                                the line body in short/full output, first
                                non-empty wins (default: event,log,message)
  KIBANACLI_CONTEXT_FIELDS      whitelist for the k=v tail in short output;
                                dotted paths address nested objects
                                (default: empty = all non-reserved fields)
